// Jest Snapshot v1, https://goo.gl/fbAQLP

exports[`PopupTable 1`] = `
<div
  className="PopupMenu_PopupMenu__8TfA4"
>
  <div
    className="PopupMenu_button__20m_Y"
    onMouseOut={[Function]}
    onMouseOver={[Function]}
  />
  <div
    className="PopupMenu_popover__3hd_Z"
    onMouseOut={[Function]}
    onMouseOver={[Function]}
    style={
      Object {
        "height": "auto",
        "left": "calc(-100px + 50%)",
        "visibility": "hidden",
        "width": "calc(200px - 10px)",
      }
    }
  >
    <div
      className="PopupTable_PopupTable__3fGcX"
      style={
        Object {
          "width": "calc(200px - 10px)",
        }
      }
    >
      <div
        className="PopupTable_item__1j75h"
      >
        <span>
          1
        </span>
      </div>
      <div
        className="PopupTable_item__1j75h"
      >
        <span>
          2
        </span>
      </div>
      <div
        className="PopupTable_item__1j75h"
      >
        <span>
          3
        </span>
      </div>
      <div
        className="PopupTable_item__1j75h"
      >
        <span>
          4
        </span>
      </div>
    </div>
  </div>
</div>
`;
